// Jest Snapshot v1, https://goo.gl/fbAQLP

exports[`Nav Component matches snapshot DOM node structure 1`] = `
<DocumentFragment>
  <header
    style="display: flex; flex-direction: row; justify-content: center; align-items: center; width: 60%; height: inherit;"
  >
    <a
      href="#about"
      style="font-size: 40px; color: white; text-decoration: none; justify-content: center; padding: 0% 2.5%;"
    >
      <p>
        About Me
      </p>
    </a>
    <a
      href="#portfolio"
      style="font-size: 40px; color: white; text-decoration: none; justify-content: center; padding: 0% 2.5%;"
    >
      <p>
        Portfolio
      </p>
    </a>
    <a
      href="#contact"
      style="font-size: 40px; color: white; text-decoration: none; justify-content: center; padding: 0% 2.5%;"
    >
      <p>
        Contact
      </p>
    </a>
    <a
      href="#resume"
      style="font-size: 40px; color: white; text-decoration: none; justify-content: center; padding: 0% 2.5%;"
    >
      <p>
        Resume
      </p>
    </a>
  </header>
</DocumentFragment>
`;
